<html>
<body>
<pre>
<h1>�Vision Build Log</h1>
<h2>Tool Versions:</h2>
IDE-Version: ��Vision V5.14.1
Copyright (C) 2015 ARM Ltd and ARM Germany GmbH. All rights reserved.
License Information: Luo___ here, 123, LIC=HN0AE-5XHEW-56BQ2-99JYF-KVDYJ-PZ16J
 
Tool Versions:
Toolchain:       MDK-ARM Plus  Version: 5.24.1
Toolchain Path:  D:\keil5\ARM\ARMCC\Bin
C Compiler:      Armcc.exe V5.06 update 5 (build 528)
Assembler:       Armasm.exe V5.06 update 5 (build 528)
Linker/Locator:  ArmLink.exe V5.06 update 5 (build 528)
Library Manager: ArmAr.exe V5.06 update 5 (build 528)
Hex Converter:   FromElf.exe V5.06 update 5 (build 528)
CPU DLL:         SARMCM3.DLL V5.24.1
Dialog DLL:      DCM.DLL V1.16.0.0
Target DLL:      Segger\JL2CM3.dll V2.99.26.0
Dialog DLL:      TCM.DLL V1.32.0.0
 
<h2>Project:</h2>
D:\code_D\stm32_code_MX\gitcode\wheeled-leg-robot\firmware\MDK-ARM\GPIO_Test_F4.uvprojx
Project File Date:  01/21/2026

<h2>Output:</h2>
*** Using Compiler 'V5.06 update 5 (build 528)', folder: 'D:\keil5\ARM\ARMCC\Bin'
Build target 'GPIO_Test_F4'
compiling bsp_mpu6050.c...
../Core/Inc/uart.h(46): warning:  #1-D: last line of file ends without a newline
  #endif
..\Core\Src\bsp_mpu6050.c: 1 warning, 0 errors
compiling pca9685.c...
..\Core\Src\pca9685.c(15): warning:  #1035-D: single-precision operand implicitly converted to double-precision
      freq *= 0.92;
..\Core\Src\pca9685.c(256): warning:  #1-D: last line of file ends without a newline
  }
..\Core\Src\pca9685.c: 2 warnings, 0 errors
compiling jetson_uart.c...
../Core/Inc/uart.h(46): warning:  #1-D: last line of file ends without a newline
  #endif
..\Core\Src\jetson_uart.c(1034): warning:  #1-D: last line of file ends without a newline
  /* USER CODE END 1 */
..\Core\Src\jetson_uart.c(111): warning:  #550-D: variable "uart5_frame_complete"  was set but never used
  static uint8_t uart5_frame_complete = 0; /*!< 帧完成标�? */
..\Core\Src\jetson_uart.c(112): warning:  #177-D: variable "uart5_rx_data"  was declared but never referenced
  static uint8_t uart5_rx_data;           /*!< UART5接收数据 */
..\Core\Src\jetson_uart.c(114): warning:  #177-D: variable "received_msg"  was declared but never referenced
  static JetsonMessage_t received_msg;     /*!< 用于接收消息的临时缓冲区 */
..\Core\Src\jetson_uart.c(119): warning:  #550-D: variable "current_pose"  was set but never used
  static MultiServoPose_t current_pose = {0};     /*!< 当前舵机姿�? */
..\Core\Src\jetson_uart.c(120): warning:  #550-D: variable "last_pose_update"  was set but never used
  static uint32_t last_pose_update = 0;           /*!< 上次姿态更新时�? */
..\Core\Src\jetson_uart.c: 7 warnings, 0 errors
compiling app_freertos.c...
..\Core\Src\app_freertos.c(63): warning:  #1-D: last line of file ends without a newline
  /* USER CODE END 0 */
..\Core\Src\app_freertos.c: 1 warning, 0 errors
compiling ClosedLoopControl.c...
../Core/Inc/ClosedLoopControl.h(12): warning:  #1-D: last line of file ends without a newline
  void Motor_PID_TaskFunc(void *pvParameters);
../Core/Inc/uart.h(46): warning:  #1-D: last line of file ends without a newline
  #endif
..\Core\Src\ClosedLoopControl.c(217): warning:  #1-D: last line of file ends without a newline
  }
..\Core\Src\ClosedLoopControl.c: 3 warnings, 0 errors
compiling Motor.c...
compiling uart.c...
../Core/Inc/uart.h(46): warning:  #1-D: last line of file ends without a newline
  #endif
..\Core\Src\uart.c(95): warning:  #1-D: last line of file ends without a newline
  }
..\Core\Src\uart.c: 2 warnings, 0 errors
compiling main.c...
compiling freertos.c...
compiling croutine.c...
compiling event_groups.c...
compiling list.c...
compiling queue.c...
compiling stream_buffer.c...
compiling tasks.c...
compiling timers.c...
compiling cmsis_os2.c...
compiling heap_4.c...
compiling port.c...
compiling SEGGER_SYSVIEW_Config_FreeRTOS.c...
compiling SEGGER_SYSVIEW_FreeRTOS.c...
linking...
Program Size: Code=41652 RO-data=2132 RW-data=420 ZI-data=42732  
FromELF: creating hex file...
"GPIO_Test_F4\GPIO_Test_F4.axf" - 0 Error(s), 16 Warning(s).

<h2>Software Packages used:</h2>

Package Vendor: ARM
                http://www.keil.com/pack/ARM.CMSIS.5.0.1.pack
                ARM::CMSIS:CORE:5.0.1
                CMSIS (Cortex Microcontroller Software Interface Standard)
   * Component: CORE Version: 5.0.1

<h2>Collection of Component include folders:</h2>
  D:\code_D\stm32_code_MX\gitcode\wheeled-leg-robot\firmware\MDK-ARM\RTE
  D:\keil5\ARM\PACK\ARM\CMSIS\5.0.1\CMSIS\Include

<h2>Collection of Component Files used:</h2>

   * Component: ARM::CMSIS:CORE:5.0.1
</pre>
</body>
</html>
