<html>
<body>
<pre>
<h1>µVision Build Log</h1>
<h2>Tool Versions:</h2>
IDE-Version: ¦ÌVision V5.14.1
Copyright (C) 2015 ARM Ltd and ARM Germany GmbH. All rights reserved.
License Information: Luo___ here, 123, LIC=HN0AE-5XHEW-56BQ2-99JYF-KVDYJ-PZ16J
 
Tool Versions:
Toolchain:       MDK-ARM Plus  Version: 5.24.1
Toolchain Path:  D:\keil5\ARM\ARMCC\Bin
C Compiler:      Armcc.exe V5.06 update 5 (build 528)
Assembler:       Armasm.exe V5.06 update 5 (build 528)
Linker/Locator:  ArmLink.exe V5.06 update 5 (build 528)
Library Manager: ArmAr.exe V5.06 update 5 (build 528)
Hex Converter:   FromElf.exe V5.06 update 5 (build 528)
CPU DLL:         SARMCM3.DLL V5.24.1
Dialog DLL:      DCM.DLL V1.16.0.0
Target DLL:      Segger\JL2CM3.dll V2.99.26.0
Dialog DLL:      TCM.DLL V1.32.0.0
 
<h2>Project:</h2>
D:\code_D\stm32_code_MX\gitcode\wheeled-leg-robot\firmware\MDK-ARM\GPIO_Test_F4.uvprojx
Project File Date:  01/18/2026

<h2>Output:</h2>
*** Using Compiler 'V5.06 update 5 (build 528)', folder: 'D:\keil5\ARM\ARMCC\Bin'
Build target 'GPIO_Test_F4'
compiling main.c...
../Core/Inc/pca9685.h(25): warning:  #1-D: last line of file ends without a newline
  #endif
../Core/Inc/jetson_uart.h(151): warning:  #1-D: last line of file ends without a newline
  #endif /* __JETSON_UART_H */
../Core/Src/main.c(1167): warning:  #177-D: variable "uart_send_buf"  was declared but never referenced
    char uart_send_buf[50];
../Core/Src/main.c(1501): warning:  #177-D: variable "errorMsg"  was declared but never referenced
                          char errorMsg[] = "UART1 transmit error\r\n";
../Core/Src/main.c: 4 warnings, 0 errors
compiling croutine.c...
compiling event_groups.c...
compiling list.c...
compiling queue.c...
compiling stream_buffer.c...
compiling tasks.c...
compiling timers.c...
compiling cmsis_os2.c...
compiling heap_4.c...
compiling port.c...
compiling SEGGER_RTT.c...
compiling SEGGER_SYSVIEW.c...
compiling SEGGER_SYSVIEW_Config_FreeRTOS.c...
compiling SEGGER_SYSVIEW_FreeRTOS.c...
linking...
Program Size: Code=41760 RO-data=2068 RW-data=348 ZI-data=42660  
FromELF: creating hex file...
"GPIO_Test_F4\GPIO_Test_F4.axf" - 0 Error(s), 4 Warning(s).

<h2>Software Packages used:</h2>

Package Vendor: ARM
                http://www.keil.com/pack/ARM.CMSIS.5.0.1.pack
                ARM::CMSIS:CORE:5.0.1
                CMSIS (Cortex Microcontroller Software Interface Standard)
   * Component: CORE Version: 5.0.1

<h2>Collection of Component include folders:</h2>
  D:\code_D\stm32_code_MX\gitcode\wheeled-leg-robot\firmware\MDK-ARM\RTE
  D:\keil5\ARM\PACK\ARM\CMSIS\5.0.1\CMSIS\Include

<h2>Collection of Component Files used:</h2>

   * Component: ARM::CMSIS:CORE:5.0.1
</pre>
</body>
</html>
